%CPU %MEM ARGS Mon Oct  5 01:56:42 UTC 2026
 0.0  0.0 ./cli mmap images/4096x4096   1  1700
 0.0  0.0 grep --color=auto ./cli       0  2212
 0.0  0.0 ./cli mmap images/4096x4096   1  1536
  PID User     Command                         Swap      USS      PSS      RSS 
49651 codespace ./cli mmap images/4096x4096        0     2492     3040     6280 
49649 codespace ./cli mmap images/4096x4096        0     2516     3069     6280 
49646 codespace ./cli mmap images/4096x4096        0     2688     3307     6664 
49655 codespace ./cli mmap images/4096x4096        0     3244     4057     7672 
49653 codespace ./cli mmap images/4096x4096        0     3756     4571     8228 
49641 codespace /usr/bin/python3 /usr/bin/s        0    11944    12153    14364 
%CPU %MEM ARGS Mon Oct  5 01:56:42 UTC 2026
 0.0  0.0 grep --color=auto ./cli       0  2172
27.4  0.1 ./cli mmap images/4096x4096   0 13704
32.6  0.1 ./cli mmap images/4096x4096   0 14876
32.6  0.1 ./cli mmap images/4096x4096   0 14336
33.3  0.1 ./cli mmap images/4096x4096   1 16124
34.0  0.1 ./cli mmap images/4096x4096   1 15808
  PID User     Command                         Swap      USS      PSS      RSS 
49646 codespace ./cli mmap images/4096x4096        0     8868    10696    19052 
49655 codespace ./cli mmap images/4096x4096        0     9416    11356    20052 
49653 codespace ./cli mmap images/4096x4096        0     9600    11618    20472 
49651 codespace ./cli mmap images/4096x4096        0     9736    11827    20756 
49649 codespace ./cli mmap images/4096x4096        0    10044    12133    20976 
49658 codespace /usr/bin/python3 /usr/bin/s        0    12088    12272    14560 
%CPU %MEM ARGS Mon Oct  5 01:56:43 UTC 2026
 0.0  0.0 grep --color=auto ./cli       0  2144
28.9  0.3 ./cli mmap images/4096x4096   0 26752
30.4  0.3 ./cli mmap images/4096x4096   0 27884
30.4  0.3 ./cli mmap images/4096x4096   0 27372
33.6  0.3 ./cli mmap images/4096x4096   1 30372
33.9  0.3 ./cli mmap images/4096x4096   1 30112
  PID User     Command                         Swap      USS      PSS      RSS 
49670 codespace /usr/bin/python3 /usr/bin/s        0    12096    12310    14572 
49646 codespace ./cli mmap images/4096x4096        0    15264    18360    31784 
49655 codespace ./cli mmap images/4096x4096        0    15780    18984    32752 
49653 codespace ./cli mmap images/4096x4096        0    16096    19417    33432 
49651 codespace ./cli mmap images/4096x4096        0    16788    20480    34848 
49649 codespace ./cli mmap images/4096x4096        0    16884    20566    34856 
%CPU %MEM ARGS Mon Oct  5 01:56:43 UTC 2026
 0.0  0.0 grep --color=auto ./cli       1  2304
29.2  0.4 ./cli mmap images/4096x4096   0 39424
30.3  0.4 ./cli mmap images/4096x4096   0 39884
30.9  0.4 ./cli mmap images/4096x4096   1 40604
33.3  0.5 ./cli mmap images/4096x4096   0 42916
36.3  0.5 ./cli mmap images/4096x4096   1 46336
  PID User     Command                         Swap      USS      PSS      RSS 
49675 codespace /usr/bin/python3 /usr/bin/s        0    12088    12295    14504 
49646 codespace ./cli mmap images/4096x4096        0    21504    25854    44296 
49655 codespace ./cli mmap images/4096x4096        0    21976    26431    45220 
49653 codespace ./cli mmap images/4096x4096        0    22156    26680    45572 
49651 codespace ./cli mmap images/4096x4096        0    23352    28501    48004 
49649 codespace ./cli mmap images/4096x4096        0    26512    31648    51076 
%CPU %MEM ARGS Mon Oct  5 01:56:44 UTC 2026
 0.0  0.0 grep --color=auto ./cli       1  2160
30.0  0.6 ./cli mmap images/4096x4096   0 52252
30.8  0.6 ./cli mmap images/4096x4096   0 52424
32.8  0.6 ./cli mmap images/4096x4096   1 55408
33.0  0.6 ./cli mmap images/4096x4096   0 55688
36.4  0.7 ./cli mmap images/4096x4096   1 61064
  PID User     Command                         Swap      USS      PSS      RSS 
49681 codespace /usr/bin/python3 /usr/bin/s        0    12096    12303    14512 
49646 codespace ./cli mmap images/4096x4096        0    27932    33575    57188 
49655 codespace ./cli mmap images/4096x4096        0    28556    34323    58328 
49651 codespace ./cli mmap images/4096x4096        0    29836    36059    60952 
49653 codespace ./cli mmap images/4096x4096        0    30080    36419    61496 
49649 codespace ./cli mmap images/4096x4096        0    35276    41486    66304 
%CPU %MEM ARGS Mon Oct  5 01:56:44 UTC 2026
 0.0  0.0 grep --color=auto ./cli       0  2248
29.7  0.7 ./cli mmap images/4096x4096   1 64164
30.7  0.7 ./cli mmap images/4096x4096   1 65008
32.2  0.8 ./cli mmap images/4096x4096   1 68008
32.9  0.8 ./cli mmap images/4096x4096   0 68928
35.5  0.9 ./cli mmap images/4096x4096   0 74476
  PID User     Command                         Swap      USS      PSS      RSS 
49692 codespace /usr/bin/python3 /usr/bin/s        0    12088    12275    14508 
49646 codespace ./cli mmap images/4096x4096        0    33764    40558    68780 
49655 codespace ./cli mmap images/4096x4096        0    34504    41464    70228 
49653 codespace ./cli mmap images/4096x4096        0    36084    43583    73452 
49651 codespace ./cli mmap images/4096x4096        0    36312    43936    73892 
49649 codespace ./cli mmap images/4096x4096        0    41556    49196    79048 
%CPU %MEM ARGS Mon Oct  5 01:56:45 UTC 2026
 0.0  0.0 grep --color=auto ./cli       0  2204
30.0  0.9 ./cli mmap images/4096x4096   0 76136
31.3  0.9 ./cli mmap images/4096x4096   0 79500
31.9  0.9 ./cli mmap images/4096x4096   0 80284
32.4  1.0 ./cli mmap images/4096x4096   1 83084
33.7  1.0 ./cli mmap images/4096x4096   0 85024
  PID User     Command                         Swap      USS      PSS      RSS 
49698 codespace /usr/bin/python3 /usr/bin/s        0    12096    12303    14512 
49655 codespace ./cli mmap images/4096x4096        0    39696    47690    80668 
49653 codespace ./cli mmap images/4096x4096        0    41332    49735    83948 
49651 codespace ./cli mmap images/4096x4096        0    42848    51886    87340 
49646 codespace ./cli mmap images/4096x4096        0    43432    52882    88240 
49649 codespace ./cli mmap images/4096x4096        0    43984    53359    88836 
%CPU %MEM ARGS Mon Oct  5 01:56:45 UTC 2026
 0.0  0.0 grep --color=auto ./cli       1  2180
30.1  1.1 ./cli mmap images/4096x4096   0 91024
30.1  1.1 ./cli mmap images/4096x4096   1 90328
32.1  1.1 ./cli mmap images/4096x4096   0 96656
32.2  1.1 ./cli mmap images/4096x4096   0 96776
33.5  1.2 ./cli mmap images/4096x4096   1 99056
  PID User     Command                         Swap      USS      PSS      RSS 
49703 codespace /usr/bin/python3 /usr/bin/s        0    12096    12305    14552 
49655 codespace ./cli mmap images/4096x4096        0    47296    56800    95820 
49653 codespace ./cli mmap images/4096x4096        0    47648    57240    96536 
49646 codespace ./cli mmap images/4096x4096        0    50080    60582   101544 
49651 codespace ./cli mmap images/4096x4096        0    50552    61139   102404 
49649 codespace ./cli mmap images/4096x4096        0    52204    62739   103840 
%CPU %MEM ARGS Mon Oct  5 01:56:46 UTC 2026
 0.0  0.0 grep --color=auto ./cli       1  2208
29.8  1.2 ./cli mmap images/4096x4096   1 103440
30.1  1.2 ./cli mmap images/4096x4096   1 104420
31.6  1.3 ./cli mmap images/4096x4096   0 109452
31.6  1.3 ./cli mmap images/4096x4096   0 109364
33.0  1.3 ./cli mmap images/4096x4096   1 113160
  PID User     Command                         Swap      USS      PSS      RSS 
49715 codespace /usr/bin/python3 /usr/bin/s        0    12096    12304    14512 
49653 codespace ./cli mmap images/4096x4096        0    53924    64749   109084 
49655 codespace ./cli mmap images/4096x4096        0    54828    65897   110968 
49646 codespace ./cli mmap images/4096x4096        0    58104    70383   117568 
49649 codespace ./cli mmap images/4096x4096        0    58744    71011   118252 
49651 codespace ./cli mmap images/4096x4096        0    58712    71095   118692 
%CPU %MEM ARGS Mon Oct  5 01:56:47 UTC 2026
 0.0  0.0 grep --color=auto ./cli       0  2152
29.9  1.4 ./cli mmap images/4096x4096   0 118236
30.3  1.4 ./cli mmap images/4096x4096   1 119588
31.9  1.5 ./cli mmap images/4096x4096   0 126592
32.1  1.5 ./cli mmap images/4096x4096   0 126496
33.1  1.5 ./cli mmap images/4096x4096   1 129308
  PID User     Command                         Swap      USS      PSS      RSS 
49720 codespace /usr/bin/python3 /usr/bin/s        0    12096    12303    14512 
49655 codespace ./cli mmap images/4096x4096        0    61800    74197   124788 
49653 codespace ./cli mmap images/4096x4096        0    61880    74326   125104 
49646 codespace ./cli mmap images/4096x4096        0    65196    78840   131764 
49651 codespace ./cli mmap images/4096x4096        0    65536    79242   132428 
49649 codespace ./cli mmap images/4096x4096        0    67584    81232   134260 
%CPU %MEM ARGS Mon Oct  5 01:56:47 UTC 2026
 0.0  0.0 grep --color=auto ./cli       0  2308
30.0  1.6 ./cli mmap images/4096x4096   0 131668
30.4  1.6 ./cli mmap images/4096x4096   0 131964
32.2  1.7 ./cli mmap images/4096x4096   0 139820
32.3  1.7 ./cli mmap images/4096x4096   1 141952
33.8  1.7 ./cli mmap images/4096x4096   1 146304
  PID User     Command                         Swap      USS      PSS      RSS 
49726 codespace /usr/bin/python3 /usr/bin/s        0    12096    12287    14528 
49655 codespace ./cli mmap images/4096x4096        0    68424    82165   138132 
49653 codespace ./cli mmap images/4096x4096        0    68440    82190   138192 
49651 codespace ./cli mmap images/4096x4096        0    72196    87222   145744 
49646 codespace ./cli mmap images/4096x4096        0    72700    88070   146692 
49649 codespace ./cli mmap images/4096x4096        0    77220    92599   151320 
%CPU %MEM ARGS Mon Oct  5 01:56:48 UTC 2026
 0.0  0.0 grep --color=auto ./cli       0  2252
30.4  1.7 ./cli mmap images/4096x4096   1 145416
30.5  1.8 ./cli mmap images/4096x4096   0 147800
32.3  1.9 ./cli mmap images/4096x4096   1 155036
32.5  1.9 ./cli mmap images/4096x4096   0 155912
33.5  1.9 ./cli mmap images/4096x4096   1 159264
  PID User     Command                         Swap      USS      PSS      RSS 
49732 codespace /usr/bin/python3 /usr/bin/s        0    12096    12308    14548 
49653 codespace ./cli mmap images/4096x4096        0    74868    89890   151020 
49655 codespace ./cli mmap images/4096x4096        0    76264    91612   153716 
49646 codespace ./cli mmap images/4096x4096        0    79232    95678   159752 
49651 codespace ./cli mmap images/4096x4096        0    79844    96506   161008 
49649 codespace ./cli mmap images/4096x4096        0    83048    99698   164060 
%CPU %MEM ARGS Mon Oct  5 01:56:48 UTC 2026
 0.0  0.0 grep --color=auto ./cli       0  2208
30.4  1.9 ./cli mmap images/4096x4096   1 158580
31.2  2.0 ./cli mmap images/4096x4096   0 163168
32.2  2.0 ./cli mmap images/4096x4096   1 168248
32.8  2.1 ./cli mmap images/4096x4096   0 171188
33.2  2.1 ./cli mmap images/4096x4096   1 172320
  PID User     Command                         Swap      USS      PSS      RSS 
49737 codespace /usr/bin/python3 /usr/bin/s        0    12112    12339    14624 
49653 codespace ./cli mmap images/4096x4096        0    81328    97630   163880 
49655 codespace ./cli mmap images/4096x4096        0    84132   101147   169520 
49646 codespace ./cli mmap images/4096x4096        0    85844   103505   172956 
49651 codespace ./cli mmap images/4096x4096        0    87264   105528   175788 
49649 codespace ./cli mmap images/4096x4096        0    88968   107246   177404 
%CPU %MEM ARGS Mon Oct  5 01:56:49 UTC 2026
 0.0  0.0 grep --color=auto ./cli       1  2296
30.5  2.1 ./cli mmap images/4096x4096   0 172272
31.7  2.2 ./cli mmap images/4096x4096   0 179324
31.7  2.2 ./cli mmap images/4096x4096   1 180224
32.5  2.2 ./cli mmap images/4096x4096   1 182568
33.0  2.2 ./cli mmap images/4096x4096   1 184356
  PID User     Command                         Swap      USS      PSS      RSS 
49744 codespace /usr/bin/python3 /usr/bin/s        0    12096    12307    14512 
49653 codespace ./cli mmap images/4096x4096        0    89648   107641   180648 
49646 codespace ./cli mmap images/4096x4096        0    92112   110763   185560 
49655 codespace ./cli mmap images/4096x4096        0    93436   112399   188168 
49651 codespace ./cli mmap images/4096x4096        0    93816   113067   188932 
49649 codespace ./cli mmap images/4096x4096        0    95452   114693   190288 
%CPU %MEM ARGS Mon Oct  5 01:56:49 UTC 2026
 0.0  0.0 grep --color=auto ./cli       1  2292
31.1  2.3 ./cli mmap images/4096x4096   0 190488
31.5  2.3 ./cli mmap images/4096x4096   1 194556
32.1  2.4 ./cli mmap images/4096x4096   1 196892
32.1  2.4 ./cli mmap images/4096x4096   0 197456
32.5  2.4 ./cli mmap images/4096x4096   1 198668
  PID User     Command                         Swap      USS      PSS      RSS 
49754 codespace /usr/bin/python3 /usr/bin/s        0    12096    12303    14512 
49653 codespace ./cli mmap images/4096x4096        0    98828   118638   198916 
49646 codespace ./cli mmap images/4096x4096        0    98936   118838   199232 
49651 codespace ./cli mmap images/4096x4096        0   100580   120923   202480 
49649 codespace ./cli mmap images/4096x4096        0   101332   122121   203912 
49655 codespace ./cli mmap images/4096x4096        0   103000   123825   206244 
%CPU %MEM ARGS Mon Oct  5 01:56:50 UTC 2026
 0.0  0.0 grep --color=auto ./cli       0  2300
31.1  2.5 ./cli mmap images/4096x4096   1 207596
31.4  2.5 ./cli mmap images/4096x4096   0 209672
32.0  2.5 ./cli mmap images/4096x4096   1 211360
32.0  2.6 ./cli mmap images/4096x4096   1 211756
32.2  2.6 ./cli mmap images/4096x4096   0 214400
  PID User     Command                         Swap      USS      PSS      RSS 
49767 codespace /usr/bin/python3 /usr/bin/s        0    12112    12339    14624 
49653 codespace ./cli mmap images/4096x4096        0   106384   127731   214152 
49646 codespace ./cli mmap images/4096x4096        0   106700   128157   214740 
49649 codespace ./cli mmap images/4096x4096        0   108164   130077   217656 
49651 codespace ./cli mmap images/4096x4096        0   108372   130319   218144 
49655 codespace ./cli mmap images/4096x4096        0   117404   139432   227560 
%CPU %MEM ARGS Mon Oct  5 01:56:51 UTC 2026
 0.0  0.0 grep --color=auto ./cli       1  2180
30.7  2.7 ./cli mmap images/4096x4096   1 222344
30.9  2.7 ./cli mmap images/4096x4096   1 224664
31.4  2.7 ./cli mmap images/4096x4096   0 226740
31.7  2.8 ./cli mmap images/4096x4096   0 227828
32.7  2.9 ./cli mmap images/4096x4096   0 236524
  PID User     Command                         Swap      USS      PSS      RSS 
49773 codespace /usr/bin/python3 /usr/bin/s        0    12100    12328    14652 
49653 codespace ./cli mmap images/4096x4096        0   113316   136017   227868 
49646 codespace ./cli mmap images/4096x4096        0   114108   137057   229572 
49651 codespace ./cli mmap images/4096x4096        0   115548   138901   232360 
49649 codespace ./cli mmap images/4096x4096        0   116100   139787   233528 
49655 codespace ./cli mmap images/4096x4096        0   123960   147854   242052 
%CPU %MEM ARGS Mon Oct  5 01:56:51 UTC 2026
 0.0  0.0 grep --color=auto ./cli       0  2152
30.4  2.9 ./cli mmap images/4096x4096   1 238352
30.4  2.9 ./cli mmap images/4096x4096   0 236964
30.6  2.9 ./cli mmap images/4096x4096   1 238904
31.1  2.9 ./cli mmap images/4096x4096   1 241288
32.9  3.1 ./cli mmap images/4096x4096   0 255324
  PID User     Command                         Swap      USS      PSS      RSS 
49796 codespace /usr/bin/python3 /usr/bin/s        0    12096    12286    14516 
49646 codespace ./cli mmap images/4096x4096        0   120928   145182   243240 
49651 codespace ./cli mmap images/4096x4096        0   121676   146089   244760 
49653 codespace ./cli mmap images/4096x4096        0   122480   147123   246312 
49649 codespace ./cli mmap images/4096x4096        0   122636   147507   246592 
49655 codespace ./cli mmap images/4096x4096        0   140524   165559   265272 
%CPU %MEM ARGS Mon Oct  5 01:56:52 UTC 2026
 0.0  0.0 grep --color=auto ./cli       1  2180
30.3  3.1 ./cli mmap images/4096x4096   1 252852
30.5  3.1 ./cli mmap images/4096x4096   1 252984
30.7  3.1 ./cli mmap images/4096x4096   0 254092
31.1  3.1 ./cli mmap images/4096x4096   1 255388
33.0  3.3 ./cli mmap images/4096x4096   0 272480
  PID User     Command                         Swap      USS      PSS      RSS 
49806 codespace /usr/bin/python3 /usr/bin/s        0    12096    12309    14548 
49646 codespace ./cli mmap images/4096x4096        0   128132   153833   257676 
49651 codespace ./cli mmap images/4096x4096        0   128892   154755   259208 
49653 codespace ./cli mmap images/4096x4096        0   129608   155670   260608 
49649 codespace ./cli mmap images/4096x4096        0   129840   156171   261028 
49655 codespace ./cli mmap images/4096x4096        0   147396   173936   279504 
%CPU %MEM ARGS Mon Oct  5 01:56:53 UTC 2026
 0.0  0.0 grep --color=auto ./cli       1  2160
30.3  3.2 ./cli mmap images/4096x4096   1 267264
30.6  3.2 ./cli mmap images/4096x4096   1 267668
31.0  3.3 ./cli mmap images/4096x4096   0 269972
31.1  3.3 ./cli mmap images/4096x4096   1 270204
33.1  3.5 ./cli mmap images/4096x4096   0 288364
  PID User     Command                         Swap      USS      PSS      RSS 
49813 codespace /usr/bin/python3 /usr/bin/s        0    12092    12320    14624 
49646 codespace ./cli mmap images/4096x4096        0   135624   162809   272592 
49651 codespace ./cli mmap images/4096x4096        0   136168   163474   273716 
49653 codespace ./cli mmap images/4096x4096        0   137116   164703   275540 
49649 codespace ./cli mmap images/4096x4096        0   137328   165138   276004 
49655 codespace ./cli mmap images/4096x4096        0   156392   184274   295476 
%CPU %MEM ARGS Mon Oct  5 01:56:53 UTC 2026
 0.0  0.0 grep --color=auto ./cli       1  2208
30.3  3.4 ./cli mmap images/4096x4096   1 280840
30.8  3.4 ./cli mmap images/4096x4096   0 282812
30.9  3.4 ./cli mmap images/4096x4096   1 282624
31.0  3.4 ./cli mmap images/4096x4096   1 283628
33.4  3.7 ./cli mmap images/4096x4096   0 305264
  PID User     Command                         Swap      USS      PSS      RSS 
49819 codespace /usr/bin/python3 /usr/bin/s        0    12096    12327    14656 
49646 codespace ./cli mmap images/4096x4096        0   142032   170497   285400 
49653 codespace ./cli mmap images/4096x4096        0   143496   172286   288256 
49651 codespace ./cli mmap images/4096x4096        0   143696   172598   288732 
49649 codespace ./cli mmap images/4096x4096        0   143752   172754   288828 
49655 codespace ./cli mmap images/4096x4096        0   165576   194589   311188 
%CPU %MEM ARGS Mon Oct  5 01:56:54 UTC 2026
 0.0  0.0 grep --color=auto ./cli       0  2248
30.5  3.6 ./cli mmap images/4096x4096   0 295088
30.8  3.6 ./cli mmap images/4096x4096   1 295828
30.9  3.6 ./cli mmap images/4096x4096   1 296556
31.3  3.7 ./cli mmap images/4096x4096   0 301068
33.2  3.9 ./cli mmap images/4096x4096   1 317800
  PID User     Command                         Swap      USS      PSS      RSS 
49825 codespace /usr/bin/python3 /usr/bin/s        0    12092    12307    14560 
49653 codespace ./cli mmap images/4096x4096        0   150952   181220   303328 
49649 codespace ./cli mmap images/4096x4096        0   151308   181674   303936 
49646 codespace ./cli mmap images/4096x4096        0   151500   182019   304468 
49651 codespace ./cli mmap images/4096x4096        0   152868   183823   307120 
49655 codespace ./cli mmap images/4096x4096        0   170940   202028   325832 
%CPU %MEM ARGS Mon Oct  5 01:56:54 UTC 2026
 0.0  0.0 grep --color=auto ./cli       1  2248
30.9  3.8 ./cli mmap images/4096x4096   1 312484
31.0  3.8 ./cli mmap images/4096x4096   0 316172
31.0  3.8 ./cli mmap images/4096x4096   1 313112
31.3  3.8 ./cli mmap images/4096x4096   1 317060
33.2  4.1 ./cli mmap images/4096x4096   0 334788
  PID User     Command                         Swap      USS      PSS      RSS 
49830 codespace /usr/bin/python3 /usr/bin/s        0    12096    12310    14572 
49649 codespace ./cli mmap images/4096x4096        0   158144   189848   317620 
49653 codespace ./cli mmap images/4096x4096        0   158188   189876   317668 
49646 codespace ./cli mmap images/4096x4096        0   159912   192253   321200 
49651 codespace ./cli mmap images/4096x4096        0   160280   192667   321892 
49655 codespace ./cli mmap images/4096x4096        0   177308   210105   339880 
%CPU %MEM ARGS Mon Oct  5 01:56:55 UTC 2026
 0.0  0.0 grep --color=auto ./cli       1  2180
30.7  3.9 ./cli mmap images/4096x4096   1 324844
30.8  3.9 ./cli mmap images/4096x4096   1 325252
31.5  4.0 ./cli mmap images/4096x4096   0 331440
31.5  4.1 ./cli mmap images/4096x4096   0 334624
32.9  4.2 ./cli mmap images/4096x4096   1 346708
  PID User     Command                         Swap      USS      PSS      RSS 
49836 codespace /usr/bin/python3 /usr/bin/s        0    12096    12308    14548 
49649 codespace ./cli mmap images/4096x4096        0   165028   198127   331480 
49653 codespace ./cli mmap images/4096x4096        0   165444   198600   332284 
49651 codespace ./cli mmap images/4096x4096        0   168608   202866   338668 
49646 codespace ./cli mmap images/4096x4096        0   169572   204533   340588 
49655 codespace ./cli mmap images/4096x4096        0   183692   219504   357272 
%CPU %MEM ARGS Mon Oct  5 01:56:56 UTC 2026
 0.0  0.0 grep --color=auto ./cli       1  2252
30.4  4.1 ./cli mmap images/4096x4096   0 339840
30.5  4.1 ./cli mmap images/4096x4096   0 340092
31.4  4.3 ./cli mmap images/4096x4096   0 353164
31.5  4.3 ./cli mmap images/4096x4096   1 351260
32.9  4.5 ./cli mmap images/4096x4096   1 366196
  PID User     Command                         Swap      USS      PSS      RSS 
49853 codespace /usr/bin/python3 /usr/bin/s        0    12104    12331    14656 
49649 codespace ./cli mmap images/4096x4096        0   172264   206768   345820 
49653 codespace ./cli mmap images/4096x4096        0   174576   209667   350568 
49651 codespace ./cli mmap images/4096x4096        0   178216   214593   357940 
49646 codespace ./cli mmap images/4096x4096        0   178192   214766   357848 
49655 codespace ./cli mmap images/4096x4096        0   193488   230554   375004 
%CPU %MEM ARGS Mon Oct  5 01:56:56 UTC 2026
 0.0  0.0 grep --color=auto ./cli       1  2208
30.2  4.3 ./cli mmap images/4096x4096   0 355096
30.8  4.4 ./cli mmap images/4096x4096   1 360872
31.2  4.5 ./cli mmap images/4096x4096   1 368636
31.4  4.5 ./cli mmap images/4096x4096   0 367168
32.6  4.6 ./cli mmap images/4096x4096   0 381796
  PID User     Command                         Swap      USS      PSS      RSS 
49859 codespace /usr/bin/python3 /usr/bin/s        0    12100    12323    14620 
49649 codespace ./cli mmap images/4096x4096        0   179968   216034   361332 
49653 codespace ./cli mmap images/4096x4096        0   184076   221125   369540 
49651 codespace ./cli mmap images/4096x4096        0   186428   224343   374344 
49646 codespace ./cli mmap images/4096x4096        0   186460   224756   374628 
49655 codespace ./cli mmap images/4096x4096        0   200556   239138   390264 
%CPU %MEM ARGS Mon Oct  5 01:56:57 UTC 2026
 0.0  0.0 grep --color=auto ./cli       1  2180
30.3  4.5 ./cli mmap images/4096x4096   0 371096
31.1  4.6 ./cli mmap images/4096x4096   1 380192
31.3  4.7 ./cli mmap images/4096x4096   0 383144
31.5  4.7 ./cli mmap images/4096x4096   1 388108
32.5  5.1 ./cli mmap images/4096x4096   0 418456
  PID User     Command                         Swap      USS      PSS      RSS 
49865 codespace /usr/bin/python3 /usr/bin/s        0    12096    12304    14512 
49649 codespace ./cli mmap images/4096x4096        0   187872   225526   377172 
49653 codespace ./cli mmap images/4096x4096        0   193664   232710   388728 
49651 codespace ./cli mmap images/4096x4096        0   194372   233713   390160 
49646 codespace ./cli mmap images/4096x4096        0   196064   236585   393704 
49655 codespace ./cli mmap images/4096x4096        0   283752   323858   481592 
%CPU %MEM ARGS Mon Oct  5 01:56:58 UTC 2026
 0.0  0.0 grep --color=auto ./cli       1  2160
30.1  4.7 ./cli mmap images/4096x4096   0 387240
31.1  5.2 ./cli mmap images/4096x4096   1 423632
31.1  5.2 ./cli mmap images/4096x4096   0 428252
31.5  5.9 ./cli mmap images/4096x4096   1 480312
32.2  6.5 ./cli mmap images/4096x4096   1 535264
  PID User     Command                         Swap      USS      PSS      RSS 
49870 codespace /usr/bin/python3 /usr/bin/s        0    12108    12336    14628 
49649 codespace ./cli mmap images/4096x4096        0   196712   236077   394592 
49653 codespace ./cli mmap images/4096x4096        0   281572   320942   479456 
49651 codespace ./cli mmap images/4096x4096        0   291048   330418   488952 
49646 codespace ./cli mmap images/4096x4096        0   344804   384179   542704 
49655 codespace ./cli mmap images/4096x4096        0   393324   432691   591164 
%CPU %MEM ARGS Mon Oct  5 01:57:00 UTC 2026
 0.0  0.0 grep --color=auto ./cli       0  2300
27.5  5.3 ./cli mmap images/4096x4096   0 432012
28.3  6.2 ./cli mmap images/4096x4096   0 507828
28.4  6.4 ./cli mmap images/4096x4096   0 521668
29.0  7.2 ./cli mmap images/4096x4096   0 591220
29.2  7.2 ./cli mmap images/4096x4096   0 591164
  PID User     Command                         Swap      USS      PSS      RSS 
49883 codespace /usr/bin/python3 /usr/bin/s        0    12104    12317    14556 
49649 codespace ./cli mmap images/4096x4096        0   363256   402626   561136 
49653 codespace ./cli mmap images/4096x4096        0   393320   432689   591204 
49655 codespace ./cli mmap images/4096x4096        0   393324   432692   591164 
49646 codespace ./cli mmap images/4096x4096        0   393320   432693   591220 
49651 codespace ./cli mmap images/4096x4096        0   393324   432694   591228 
%CPU %MEM ARGS Mon Oct  5 01:57:06 UTC 2026
 0.0  0.0 grep --color=auto ./cli       0  2252
21.3  7.0 ./cli mmap images/4096x4096   0 576160
21.5  7.2 ./cli mmap images/4096x4096   0 591220
21.7  7.2 ./cli mmap images/4096x4096   1 591228
21.7  7.2 ./cli mmap images/4096x4096   0 591164
21.7  7.2 ./cli mmap images/4096x4096   1 591204
  PID User     Command                         Swap      USS      PSS      RSS 
49929 codespace /usr/bin/python3 /usr/bin/s        0    12096    12309    14572 
49653 codespace ./cli mmap images/4096x4096        0   393320   432690   591204 
49646 codespace ./cli mmap images/4096x4096        0   393320   432692   591220 
49655 codespace ./cli mmap images/4096x4096        0   393324   432692   591164 
49649 codespace ./cli mmap images/4096x4096        0   393324   432694   591204 
49651 codespace ./cli mmap images/4096x4096        0   393324   432694   591228 
%CPU %MEM ARGS Mon Oct  5 01:57:09 UTC 2026
 0.0  0.0 grep --color=auto ./cli       0  2288
19.4  7.2 ./cli mmap images/4096x4096   1 591204
19.4  7.2 ./cli mmap images/4096x4096   0 591220
19.6  7.2 ./cli mmap images/4096x4096   1 591228
19.6  7.2 ./cli mmap images/4096x4096   0 591164
19.6  7.2 ./cli mmap images/4096x4096   1 591204
  PID User     Command                         Swap      USS      PSS      RSS 
49949 codespace /usr/bin/python3 /usr/bin/s        0    12100    12311    14516 
49653 codespace ./cli mmap images/4096x4096        0   393320   432690   591204 
49646 codespace ./cli mmap images/4096x4096        0   393320   432692   591220 
49655 codespace ./cli mmap images/4096x4096        0   393324   432692   591164 
49649 codespace ./cli mmap images/4096x4096        0   393324   432694   591204 
49651 codespace ./cli mmap images/4096x4096        0   393324   432694   591228 
%CPU %MEM ARGS Mon Oct  5 01:57:09 UTC 2026
 0.0  0.0 grep --color=auto ./cli       0  2292
19.1  7.2 ./cli mmap images/4096x4096   1 591204
19.1  7.2 ./cli mmap images/4096x4096   0 591220
19.3  7.2 ./cli mmap images/4096x4096   1 591228
19.3  7.2 ./cli mmap images/4096x4096   0 591164
19.3  7.2 ./cli mmap images/4096x4096   1 591204
  PID User     Command                         Swap      USS      PSS      RSS 
49954 codespace /usr/bin/python3 /usr/bin/s        0    12096    12310    14572 
49653 codespace ./cli mmap images/4096x4096        0   393320   432690   591204 
49646 codespace ./cli mmap images/4096x4096        0   393320   432692   591220 
49655 codespace ./cli mmap images/4096x4096        0   393324   432692   591164 
49649 codespace ./cli mmap images/4096x4096        0   393324   432693   591204 
49651 codespace ./cli mmap images/4096x4096        0   393324   432694   591228 
%CPU %MEM ARGS Mon Oct  5 01:57:10 UTC 2026
 0.0  0.0 grep --color=auto ./cli       0  2180
18.6  7.2 ./cli mmap images/4096x4096   1 591204
18.6  7.2 ./cli mmap images/4096x4096   0 591220
18.8  7.2 ./cli mmap images/4096x4096   1 591228
18.8  7.2 ./cli mmap images/4096x4096   0 591164
18.8  7.2 ./cli mmap images/4096x4096   1 591204
  PID User     Command                         Swap      USS      PSS      RSS 
49960 codespace /usr/bin/python3 /usr/bin/s        0    12100    12323    14620 
49653 codespace ./cli mmap images/4096x4096        0   393320   432690   591204 
49646 codespace ./cli mmap images/4096x4096        0   393320   432692   591220 
49655 codespace ./cli mmap images/4096x4096        0   393324   432692   591164 
49649 codespace ./cli mmap images/4096x4096        0   393324   432693   591204 
49651 codespace ./cli mmap images/4096x4096        0   393324   432695   591228 
%CPU %MEM ARGS Mon Oct  5 01:57:10 UTC 2026
 0.0  0.0 grep --color=auto ./cli       1  2180
18.3  7.2 ./cli mmap images/4096x4096   1 591204
18.4  7.2 ./cli mmap images/4096x4096   0 591220
18.5  7.2 ./cli mmap images/4096x4096   1 591228
18.5  7.2 ./cli mmap images/4096x4096   0 591164
18.5  7.2 ./cli mmap images/4096x4096   1 591204
  PID User     Command                         Swap      USS      PSS      RSS 
49968 codespace /usr/bin/python3 /usr/bin/s        0    12100    12314    14652 
49653 codespace ./cli mmap images/4096x4096        0   393320   432686   591204 
49646 codespace ./cli mmap images/4096x4096        0   393320   432688   591220 
49655 codespace ./cli mmap images/4096x4096        0   393324   432688   591164 
49649 codespace ./cli mmap images/4096x4096        0   393324   432689   591204 
49651 codespace ./cli mmap images/4096x4096        0   393324   432691   591228 
%CPU %MEM ARGS Mon Oct  5 01:57:11 UTC 2026
 0.0  0.0 grep --color=auto ./cli       1  2248
18.0  7.2 ./cli mmap images/4096x4096   1 591204
18.1  7.2 ./cli mmap images/4096x4096   0 591220
18.2  7.2 ./cli mmap images/4096x4096   1 591228
18.2  7.2 ./cli mmap images/4096x4096   0 591164
18.2  7.2 ./cli mmap images/4096x4096   1 591204
  PID User     Command                         Swap      USS      PSS      RSS 
49977 codespace /usr/bin/python3 /usr/bin/s        0    12024    12255    14548 
49653 codespace ./cli mmap images/4096x4096        0   393320   432686   591204 
49655 codespace ./cli mmap images/4096x4096        0   393324   432689   591164 
49646 codespace ./cli mmap images/4096x4096        0   393320   432691   591220 
49651 codespace ./cli mmap images/4096x4096        0   393324   432691   591228 
49649 codespace ./cli mmap images/4096x4096        0   393324   432692   591204 
%CPU %MEM ARGS Mon Oct  5 01:57:11 UTC 2026
 0.0  0.0 grep --color=auto ./cli       0  2304
17.8  7.2 ./cli mmap images/4096x4096   1 591204
17.8  7.2 ./cli mmap images/4096x4096   0 591220
17.9  7.2 ./cli mmap images/4096x4096   1 591228
17.9  7.2 ./cli mmap images/4096x4096   0 591164
18.0  7.2 ./cli mmap images/4096x4096   1 591204
  PID User     Command                         Swap      USS      PSS      RSS 
49984 codespace /usr/bin/python3 /usr/bin/s        0    12100    12306    14516 
49646 codespace ./cli mmap images/4096x4096        0   393320   432689   591220 
49653 codespace ./cli mmap images/4096x4096        0   393320   432689   591204 
49649 codespace ./cli mmap images/4096x4096        0   393324   432692   591204 
49655 codespace ./cli mmap images/4096x4096        0   393324   432692   591164 
49651 codespace ./cli mmap images/4096x4096        0   393324   432694   591228 
%CPU %MEM ARGS Mon Oct  5 01:57:11 UTC 2026
 0.0  0.0 grep --color=auto ./cli       0  2248
17.5  7.2 ./cli mmap images/4096x4096   1 591204
17.6  7.2 ./cli mmap images/4096x4096   0 591220
17.7  7.2 ./cli mmap images/4096x4096   1 591228
17.7  7.2 ./cli mmap images/4096x4096   0 591164
17.7  7.2 ./cli mmap images/4096x4096   1 591204
  PID User     Command                         Swap      USS      PSS      RSS 
49992 codespace /usr/bin/python3 /usr/bin/s        0    12096    12307    14552 
49653 codespace ./cli mmap images/4096x4096        0   393320   432690   591204 
49646 codespace ./cli mmap images/4096x4096        0   393320   432692   591220 
49655 codespace ./cli mmap images/4096x4096        0   393324   432692   591164 
49649 codespace ./cli mmap images/4096x4096        0   393324   432693   591204 
49651 codespace ./cli mmap images/4096x4096        0   393324   432695   591228 
%CPU %MEM ARGS Mon Oct  5 01:57:12 UTC 2026
 0.0  0.0 grep --color=auto ./cli       0  2280
17.3  7.2 ./cli mmap images/4096x4096   1 591204
17.3  7.2 ./cli mmap images/4096x4096   0 591220
17.4  7.2 ./cli mmap images/4096x4096   1 591228
17.5  7.2 ./cli mmap images/4096x4096   0 591164
17.5  7.2 ./cli mmap images/4096x4096   1 591204
  PID User     Command                         Swap      USS      PSS      RSS 
50004 codespace /usr/bin/python3 /usr/bin/s        0    12104    12319    14556 
49653 codespace ./cli mmap images/4096x4096        0   393320   432690   591204 
49646 codespace ./cli mmap images/4096x4096        0   393320   432692   591220 
49655 codespace ./cli mmap images/4096x4096        0   393324   432692   591164 
49649 codespace ./cli mmap images/4096x4096        0   393324   432693   591204 
49651 codespace ./cli mmap images/4096x4096        0   393324   432694   591228 
%CPU %MEM ARGS Mon Oct  5 01:57:12 UTC 2026
 0.0  0.0 grep --color=auto ./cli       1  2160
17.0  7.2 ./cli mmap images/4096x4096   1 591204
17.1  7.2 ./cli mmap images/4096x4096   0 591220
17.2  7.2 ./cli mmap images/4096x4096   1 591228
17.2  7.2 ./cli mmap images/4096x4096   0 591164
17.3  7.2 ./cli mmap images/4096x4096   1 591204
  PID User     Command                         Swap      USS      PSS      RSS 
50027 codespace /usr/bin/python3 /usr/bin/s        0    12100    12313    14576 
49653 codespace ./cli mmap images/4096x4096        0   393320   432690   591204 
49646 codespace ./cli mmap images/4096x4096        0   393320   432691   591220 
49649 codespace ./cli mmap images/4096x4096        0   393324   432692   591204 
49655 codespace ./cli mmap images/4096x4096        0   393324   432692   591164 
49651 codespace ./cli mmap images/4096x4096        0   393324   432693   591228 
%CPU %MEM ARGS Mon Oct  5 01:57:13 UTC 2026
 0.0  0.0 grep --color=auto ./cli       0  2160
16.8  7.2 ./cli mmap images/4096x4096   1 591204
16.9  7.2 ./cli mmap images/4096x4096   0 591220
17.0  7.2 ./cli mmap images/4096x4096   1 591228
17.0  7.2 ./cli mmap images/4096x4096   0 591164
17.0  7.2 ./cli mmap images/4096x4096   1 591204
  PID User     Command                         Swap      USS      PSS      RSS 
50032 codespace /usr/bin/python3 /usr/bin/s        0    12100    12311    14552 
49653 codespace ./cli mmap images/4096x4096        0   393320   432690   591204 
49655 codespace ./cli mmap images/4096x4096        0   393324   432692   591164 
49646 codespace ./cli mmap images/4096x4096        0   393320   432693   591220 
49649 codespace ./cli mmap images/4096x4096        0   393324   432693   591204 
49651 codespace ./cli mmap images/4096x4096        0   393324   432695   591228 
%CPU %MEM ARGS Mon Oct  5 01:57:13 UTC 2026
 0.0  0.0 grep --color=auto ./cli       1  2208
16.6  7.2 ./cli mmap images/4096x4096   1 591204
16.6  7.2 ./cli mmap images/4096x4096   0 591220
16.7  7.2 ./cli mmap images/4096x4096   1 591228
16.7  7.2 ./cli mmap images/4096x4096   0 591164
16.8  7.2 ./cli mmap images/4096x4096   1 591204
  PID User     Command                         Swap      USS      PSS      RSS 
50037 codespace /usr/bin/python3 /usr/bin/s        0    12096    12305    14516 
49653 codespace ./cli mmap images/4096x4096        0   393320   432690   591204 
49646 codespace ./cli mmap images/4096x4096        0   393320   432692   591220 
49655 codespace ./cli mmap images/4096x4096        0   393324   432692   591164 
49649 codespace ./cli mmap images/4096x4096        0   393324   432694   591204 
49651 codespace ./cli mmap images/4096x4096        0   393324   432695   591228 
%CPU %MEM ARGS Mon Oct  5 01:57:14 UTC 2026
 0.0  0.0 grep --color=auto ./cli       1  2340
16.4  7.2 ./cli mmap images/4096x4096   1 591204
16.4  7.2 ./cli mmap images/4096x4096   0 591220
16.5  7.2 ./cli mmap images/4096x4096   1 591228
16.5  7.2 ./cli mmap images/4096x4096   0 591164
16.6  7.2 ./cli mmap images/4096x4096   1 591204
  PID User     Command                         Swap      USS      PSS      RSS 
50049 codespace /usr/bin/python3 /usr/bin/s        0    12096    12303    14536 
49653 codespace ./cli mmap images/4096x4096        0   393320   432690   591204 
49646 codespace ./cli mmap images/4096x4096        0   393320   432692   591220 
49655 codespace ./cli mmap images/4096x4096        0   393324   432692   591164 
49649 codespace ./cli mmap images/4096x4096        0   393324   432694   591204 
49651 codespace ./cli mmap images/4096x4096        0   393324   432695   591228 
%CPU %MEM ARGS Mon Oct  5 01:57:14 UTC 2026
 0.0  0.0 grep --color=auto ./cli       0  2152
16.2  7.2 ./cli mmap images/4096x4096   1 591204
16.2  7.2 ./cli mmap images/4096x4096   0 591220
16.3  7.2 ./cli mmap images/4096x4096   1 591228
16.3  7.2 ./cli mmap images/4096x4096   0 591164
16.4  7.2 ./cli mmap images/4096x4096   1 591204
  PID User     Command                         Swap      USS      PSS      RSS 
50054 codespace /usr/bin/python3 /usr/bin/s        0    12100    12313    14576 
49653 codespace ./cli mmap images/4096x4096        0   393320   432690   591204 
49646 codespace ./cli mmap images/4096x4096        0   393320   432692   591220 
49655 codespace ./cli mmap images/4096x4096        0   393324   432692   591164 
49649 codespace ./cli mmap images/4096x4096        0   393324   432694   591204 
49651 codespace ./cli mmap images/4096x4096        0   393324   432694   591228 
%CPU %MEM ARGS Mon Oct  5 01:57:14 UTC 2026
 0.0  0.0 grep --color=auto ./cli       1  2152
16.0  7.2 ./cli mmap images/4096x4096   1 591204
16.0  7.2 ./cli mmap images/4096x4096   0 591220
16.1  7.2 ./cli mmap images/4096x4096   1 591228
16.1  7.2 ./cli mmap images/4096x4096   0 591164
16.2  7.2 ./cli mmap images/4096x4096   1 591204
  PID User     Command                         Swap      USS      PSS      RSS 
50060 codespace /usr/bin/python3 /usr/bin/s        0    12100    12309    14516 
49653 codespace ./cli mmap images/4096x4096        0   393320   432689   591204 
49655 codespace ./cli mmap images/4096x4096        0   393324   432692   591164 
49646 codespace ./cli mmap images/4096x4096        0   393320   432693   591220 
49649 codespace ./cli mmap images/4096x4096        0   393324   432694   591204 
49651 codespace ./cli mmap images/4096x4096        0   393324   432694   591228 
%CPU %MEM ARGS Mon Oct  5 01:57:15 UTC 2026
 0.0  0.0 grep --color=auto ./cli       0  2068
15.8  7.2 ./cli mmap images/4096x4096   1 591204
15.8  7.2 ./cli mmap images/4096x4096   0 591220
15.9  7.2 ./cli mmap images/4096x4096   1 591228
15.9  7.2 ./cli mmap images/4096x4096   0 591164
16.0  7.2 ./cli mmap images/4096x4096   1 591204
  PID User     Command                         Swap      USS      PSS      RSS 
50065 codespace /usr/bin/python3 /usr/bin/s        0    12100    12309    14516 
49653 codespace ./cli mmap images/4096x4096        0   393320   432689   591204 
49655 codespace ./cli mmap images/4096x4096        0   393324   432692   591164 
49646 codespace ./cli mmap images/4096x4096        0   393320   432693   591220 
49649 codespace ./cli mmap images/4096x4096        0   393324   432694   591204 
49651 codespace ./cli mmap images/4096x4096        0   393324   432694   591228 
%CPU %MEM ARGS Mon Oct  5 01:57:15 UTC 2026
 0.0  0.0 grep --color=auto ./cli       1  2340
15.4  7.2 ./cli mmap images/4096x4096   1 591204
15.4  7.2 ./cli mmap images/4096x4096   0 591220
15.5  7.2 ./cli mmap images/4096x4096   1 591228
15.5  7.2 ./cli mmap images/4096x4096   0 591164
15.6  7.2 ./cli mmap images/4096x4096   1 591204
  PID User     Command                         Swap      USS      PSS      RSS 
50070 codespace /usr/bin/python3 /usr/bin/s        0    12096    12305    14512 
49653 codespace ./cli mmap images/4096x4096        0   393320   432689   591204 
49655 codespace ./cli mmap images/4096x4096        0   393324   432692   591164 
49646 codespace ./cli mmap images/4096x4096        0   393320   432693   591220 
49649 codespace ./cli mmap images/4096x4096        0   393324   432694   591204 
49651 codespace ./cli mmap images/4096x4096        0   393324   432694   591228 
%CPU %MEM ARGS Mon Oct  5 01:57:16 UTC 2026
 0.0  0.0 grep --color=auto ./cli       0   312
15.1  7.2 ./cli mmap images/4096x4096   1 591204
15.1  7.2 ./cli mmap images/4096x4096   0 591220
15.2  7.2 ./cli mmap images/4096x4096   1 591228
15.2  7.2 ./cli mmap images/4096x4096   0 591164
15.2  7.2 ./cli mmap images/4096x4096   1 591204
  PID User     Command                         Swap      USS      PSS      RSS 
50076 codespace /usr/bin/python3 /usr/bin/s        0    12096    12304    14512 
49653 codespace ./cli mmap images/4096x4096        0   393320   425637   555944 
49646 codespace ./cli mmap images/4096x4096        0   393320   425640   555960 
49655 codespace ./cli mmap images/4096x4096        0   393324   425640   555904 
49649 codespace ./cli mmap images/4096x4096        0   393324   425642   555944 
49651 codespace ./cli mmap images/4096x4096        0   393324   425642   555968 
%CPU %MEM ARGS Mon Oct  5 01:57:17 UTC 2026
 0.0  0.0 grep --color=auto ./cli       1  2172
14.9  6.8 ./cli mmap images/4096x4096   1 555944
14.9  6.8 ./cli mmap images/4096x4096   0 555960
15.0  6.8 ./cli mmap images/4096x4096   1 555968
15.0  6.8 ./cli mmap images/4096x4096   0 555904
15.0  6.8 ./cli mmap images/4096x4096   1 555944
  PID User     Command                         Swap      USS      PSS      RSS 
50085 codespace /usr/bin/python3 /usr/bin/s        0    12112    12339    14620 
49653 codespace ./cli mmap images/4096x4096        0   393320   420470   530108 
49655 codespace ./cli mmap images/4096x4096        0   393324   420472   530068 
49646 codespace ./cli mmap images/4096x4096        0   393320   420473   530124 
49649 codespace ./cli mmap images/4096x4096        0   393324   420475   530108 
49651 codespace ./cli mmap images/4096x4096        0   393324   420475   530132 
%CPU %MEM ARGS Mon Oct  5 01:57:17 UTC 2026
 0.0  0.0 grep --color=auto ./cli       0  2248
14.7  6.5 ./cli mmap images/4096x4096   1 530108
14.7  6.5 ./cli mmap images/4096x4096   0 530124
14.8  6.5 ./cli mmap images/4096x4096   1 530132
14.8  6.5 ./cli mmap images/4096x4096   0 530068
14.8  6.5 ./cli mmap images/4096x4096   1 530108
  PID User     Command                         Swap      USS      PSS      RSS 
50094 codespace /usr/bin/python3 /usr/bin/s        0    12096    12307    14516 
49653 codespace ./cli mmap images/4096x4096        0   393320   416547   510492 
49655 codespace ./cli mmap images/4096x4096        0   393324   416549   510452 
49651 codespace ./cli mmap images/4096x4096        0   393324   416552   510516 
49649 codespace ./cli mmap images/4096x4096        0   393324   417217   513820 
49646 codespace ./cli mmap images/4096x4096        0   393320   418320   519360 
%CPU %MEM ARGS Mon Oct  5 01:57:18 UTC 2026
 0.0  0.0 grep --color=auto ./cli       1  2204
14.5  6.2 ./cli mmap images/4096x4096   1 510492
14.5  6.2 ./cli mmap images/4096x4096   0 510508
14.6  6.2 ./cli mmap images/4096x4096   1 510516
14.6  6.2 ./cli mmap images/4096x4096   0 510452
14.7  6.2 ./cli mmap images/4096x4096   1 510492
  PID User     Command                         Swap      USS      PSS      RSS 
50099 codespace /usr/bin/python3 /usr/bin/s        0    12096    12327    14652 
49653 codespace ./cli mmap images/4096x4096        0   393320   412491   490212 
49646 codespace ./cli mmap images/4096x4096        0   393320   412493   490228 
49655 codespace ./cli mmap images/4096x4096        0   393324   412493   490172 
49649 codespace ./cli mmap images/4096x4096        0   393324   412495   490212 
49651 codespace ./cli mmap images/4096x4096        0   393324   412496   490236 
%CPU %MEM ARGS Mon Oct  5 01:57:18 UTC 2026
 0.0  0.0 grep --color=auto ./cli       1  2156
14.3  6.0 ./cli mmap images/4096x4096   1 490212
14.3  6.0 ./cli mmap images/4096x4096   0 490228
14.4  6.0 ./cli mmap images/4096x4096   1 490236
14.5  6.0 ./cli mmap images/4096x4096   0 490172
14.5  6.0 ./cli mmap images/4096x4096   1 490212
  PID User     Command                         Swap      USS      PSS      RSS 
50110 codespace /usr/bin/python3 /usr/bin/s        0    12088    12269    14460 
49653 codespace ./cli mmap images/4096x4096        0   393320   409837   476948 
49655 codespace ./cli mmap images/4096x4096        0   393324   409840   476908 
49649 codespace ./cli mmap images/4096x4096        0   393324   409842   476948 
49651 codespace ./cli mmap images/4096x4096        0   393324   409843   476972 
49646 codespace ./cli mmap images/4096x4096        0   393320   410567   480596 
%CPU %MEM ARGS Mon Oct  5 01:57:19 UTC 2026
 0.0  0.0 grep --color=auto ./cli       1  2152
14.2  5.8 ./cli mmap images/4096x4096   1 476948
14.2  5.8 ./cli mmap images/4096x4096   0 476964
14.3  5.8 ./cli mmap images/4096x4096   1 476972
14.3  5.8 ./cli mmap images/4096x4096   0 476908
14.3  5.8 ./cli mmap images/4096x4096   1 476948
  PID User     Command                         Swap      USS      PSS      RSS 
50116 codespace /usr/bin/python3 /usr/bin/s        0    12096    12311    14548 
49655 codespace ./cli mmap images/4096x4096        0   196712   213229   280296 
49653 codespace ./cli mmap images/4096x4096        0   393320   409839   476948 
49646 codespace ./cli mmap images/4096x4096        0   393320   409841   476964 
49649 codespace ./cli mmap images/4096x4096        0   393324   409842   476948 
49651 codespace ./cli mmap images/4096x4096        0   393324   409844   476972 
%CPU %MEM ARGS Mon Oct  5 01:57:19 UTC 2026
 0.0  0.0 grep --color=auto ./cli       0  2160
  PID User     Command                         Swap      USS      PSS      RSS 
50123 codespace /usr/bin/python3 /usr/bin/s        0    11944    12153    14360 
